    1  hi\cd
    2  cat
    3  D:
    4  cd D:
    5  ls
    6  clear
    7  cd Git_Folder/
    8  cd c
    9  cd D:
   10  ls
   11  Git_Folder/
   12  git users
   13  git config --global user.mail "ojotha@uits.edu.bd"
   14  git config --global user.name "ojotha"
   15  git config --global user.mail "ojotha@uits.edu.bd"
   16  git init
   17  ls
   18  ls -a
   19  git init
   20  touch test.c
   21  git status
   22  touch test.c
   23  git status
   24  git log
   25  git commit am "Display"
   26  pwd
   27  ls
   28  mkdir tom
   29  cd tom
   30  cd..
   31  cd ..
   32  cd ..
   33  ls
   34  cd tom
   35  ls /newfolder/tom
   36  cd New\ tom
   37  touch simba.txt
   38  ls
   39  cd  simba.txt 
   40  cd New\ folder
   41  ls
   42  cd new folder (6)
   43  cd ..
   44  mkdir simba
   45  cd simba
   46  touch jerry.txt
   47  ls
   48  nano jerry.txt
   49  cat jerry.txt
   50  clr
   51  clear
   52  git --version
   53  git config --global user.name"sadiaakter143"
   54  git config --global user.email"sadiaaktershammi2000@gmail.com"
   55  git conflig user.name
   56  git config user.name
   57  git config --global user.name "sadiaakter143"
   58  git config --global user.email "sadiaaktershammi2000@gmail.com"
   59  git config user.name
   60  git config user.email
   61  git init
   62  ls -a
   63  git add.
   64  git status
   65  git add .
   66  git status
   67  git status
   68  git add .
   69  git restore simba.txt
   70  git restore jerry.txt
   71  git status
   72  git restore jerry.txt
   73  history > history.txt
Lab-41128@Lab41128 MINGW64 ~/Desktop/simba (master)
$ git status
On branch master

No commits yet

Changes to be committed:
  (use "git rm --cached <file>..." to unstage)
        new file:   jerry.txt

Untracked files:
  (use "git add <file>..." to include in what will be committed)
        history.txt


Lab-41128@Lab41128 MINGW64 ~/Desktop/simba (master)
$ git init add .
usage: git init [-q | --quiet] [--bare] [--template=<template-directory>]
         [--separate-git-dir <git-dir>] [--object-format=<format>]
         [--ref-format=<format>]
         [-b <branch-name> | --initial-branch=<branch-name>]
         [--shared[=<permissions>]] [<directory>]

Lab-41128@Lab41128 MINGW64 ~/Desktop/simba (master)
$ git remote add

^C

Lab-41128@Lab41128 MINGW64 ~/Desktop/simba (master)
$ git remote add origin https://github.com/sadiaakter143/sw_lab.git

Lab-41128@Lab41128 MINGW64 ~/Desktop/simba (master)
$ git commit -m "added 2nd file"
[master (root-commit) a6d6915] added 2nd file
 1 file changed, 3 insertions(+)
 create mode 100644 jerry.txt

Lab-41128@Lab41128 MINGW64 ~/Desktop/simba (master)
$ git push -u origin main
error: src refspec main does not match any
error: failed to push some refs to 'https://github.com/sadiaakter143/sw_lab.git'

Lab-41128@Lab41128 MINGW64 ~/Desktop/simba (master)
$ git push -u origin master
Enumerating objects: 3, done.
Counting objects: 100% (3/3), done.
Delta compression using up to 6 threads
Compressing objects: 100% (2/2), done.
Writing objects: 100% (3/3), 280 bytes | 280.00 KiB/s, done.
Total 3 (delta 0), reused 0 (delta 0), pack-reused 0 (from 0)
remote:
remote: Create a pull request for 'master' on GitHub by visiting:
remote:      https://github.com/sadiaakter143/sw_lab/pull/new/master
remote:
To https://github.com/sadiaakter143/sw_lab.git
 * [new branch]      master -> master
branch 'master' set up to track 'origin/master'.

Lab-41128@Lab41128 MINGW64 ~/Desktop/simba (master)
$ git clone https://github.com/sadiaakter143/sw_lab.git
Cloning into 'sw_lab'...
remote: Enumerating objects: 7, done.
remote: Counting objects: 100% (7/7), done.
remote: Compressing objects: 100% (5/5), done.
remote: Total 7 (delta 0), reused 3 (delta 0), pack-reused 0 (from 0)
Receiving objects: 100% (7/7), done.

Lab-41128@Lab41128 MINGW64 ~/Desktop/simba (master)
$ cd sw_lab/

Lab-41128@Lab41128 MINGW64 ~/Desktop/simba/sw_lab (main)
$ git status
On branch main
Your branch is up to date with 'origin/main'.

Untracked files:
  (use "git add <file>..." to include in what will be committed)
        history.txt
        jerry.txt
        tom.txt

nothing added to commit but untracked files present (use "git add" to track)

Lab-41128@Lab41128 MINGW64 ~/Desktop/simba/sw_lab (main)
$ git add .
warning: in the working copy of 'history.txt', LF will be replaced by CRLF the next time Git touches it

Lab-41128@Lab41128 MINGW64 ~/Desktop/simba/sw_lab (main)
$ git status
On branch main
Your branch is up to date with 'origin/main'.

Changes to be committed:
  (use "git restore --staged <file>..." to unstage)
        new file:   history.txt
        new file:   jerry.txt
        new file:   tom.txt


Lab-41128@Lab41128 MINGW64 ~/Desktop/simba/sw_lab (main)
$ git
usage: git [-v | --version] [-h | --help] [-C <path>] [-c <name>=<value>]
           [--exec-path[=<path>]] [--html-path] [--man-path] [--info-path]
           [-p | --paginate | -P | --no-pager] [--no-replace-objects] [--no-lazy-fetch]
           [--no-optional-locks] [--no-advice] [--bare] [--git-dir=<path>]
           [--work-tree=<path>] [--namespace=<name>] [--config-env=<name>=<envvar>]
           <command> [<args>]

These are common Git commands used in various situations:

start a working area (see also: git help tutorial)
   clone     Clone a repository into a new directory
   init      Create an empty Git repository or reinitialize an existing one

work on the current change (see also: git help everyday)
   add       Add file contents to the index
   mv        Move or rename a file, a directory, or a symlink
   restore   Restore working tree files
   rm        Remove files from the working tree and from the index

examine the history and state (see also: git help revisions)
   bisect    Use binary search to find the commit that introduced a bug
   diff      Show changes between commits, commit and working tree, etc
   grep      Print lines matching a pattern
   log       Show commit logs
   show      Show various types of objects
   status    Show the working tree status

grow, mark and tweak your common history
   branch    List, create, or delete branches
   commit    Record changes to the repository
   merge     Join two or more development histories together
   rebase    Reapply commits on top of another base tip
   reset     Reset current HEAD to the specified state
   switch    Switch branches
   tag       Create, list, delete or verify a tag object signed with GPG

collaborate (see also: git help workflows)
   fetch     Download objects and refs from another repository
   pull      Fetch from and integrate with another repository or a local branch
   push      Update remote refs along with associated objects

'git help -a' and 'git help -g' list available subcommands and some
concept guides. See 'git help <command>' or 'git help <concept>'
to read about a specific subcommand or concept.
See 'git help git' for an overview of the system.

Lab-41128@Lab41128 MINGW64 ~/Desktop/simba/sw_lab (main)
$ git commit -m "add 3 files"
[main e62a82b] add 3 files
 3 files changed, 76 insertions(+)
 create mode 100644 history.txt
 create mode 100644 jerry.txt
 create mode 100644 tom.txt

Lab-41128@Lab41128 MINGW64 ~/Desktop/simba/sw_lab (main)
$ git status
On branch main
Your branch is ahead of 'origin/main' by 1 commit.
  (use "git push" to publish your local commits)

nothing to commit, working tree clean

Lab-41128@Lab41128 MINGW64 ~/Desktop/simba/sw_lab (main)
$ git branch
* main

Lab-41128@Lab41128 MINGW64 ~/Desktop/simba/sw_lab (main)
$ git push -u origin main
Enumerating objects: 6, done.
Counting objects: 100% (6/6), done.
Delta compression using up to 6 threads
Compressing objects: 100% (4/4), done.
Writing objects: 100% (5/5), 970 bytes | 970.00 KiB/s, done.
Total 5 (delta 0), reused 1 (delta 0), pack-reused 0 (from 0)
To https://github.com/sadiaakter143/sw_lab.git
   9fd91ce..e62a82b  main -> main
branch 'main' set up to track 'origin/main'.

Lab-41128@Lab41128 MINGW64 ~/Desktop/simba/sw_lab (main)
$ git pull
remote: Enumerating objects: 5, done.
remote: Counting objects: 100% (5/5), done.
remote: Compressing objects: 100% (3/3), done.
remote: Total 3 (delta 1), reused 0 (delta 0), pack-reused 0 (from 0)
Unpacking objects: 100% (3/3), 979 bytes | 139.00 KiB/s, done.
From https://github.com/sadiaakter143/sw_lab
   e62a82b..b8c00d7  main       -> origin/main
Updating e62a82b..b8c00d7
Fast-forward
 jerry.txt | 3 ++-
 1 file changed, 2 insertions(+), 1 deletion(-)

Lab-41128@Lab41128 MINGW64 ~/Desktop/simba/sw_lab (main)
$ git pull
Already up to date.

Lab-41128@Lab41128 MINGW64 ~/Desktop/simba/sw_lab (main)
$ git pull
From https://github.com/sadiaakter143/sw_lab
 * [new branch]      sw_project -> origin/sw_project
Already up to date.

Lab-41128@Lab41128 MINGW64 ~/Desktop/simba/sw_lab (main)
$
